{
    "analyzer": {
        "en_plain": {
            "type": "custom",
            "char_filter": [
                "word_break_helper"
            ],
            "tokenizer": "standard",
            "filter": [
                "icu_normalizer",
                "preserve_original_recorder",
                "icu_folding",
                "preserve_original",
                "remove_empty"
            ]
        },
        "en_plain_search": {
            "type": "custom",
            "char_filter": [
                "word_break_helper"
            ],
            "tokenizer": "standard",
            "filter": [
                "icu_normalizer"
            ]
        },
        "ru_plain": {
            "type": "custom",
            "char_filter": [
                "word_break_helper",
                "russian_charfilter"
            ],
            "tokenizer": "standard",
            "filter": [
                "icu_normalizer"
            ]
        },
        "ru_plain_search": {
            "type": "custom",
            "char_filter": [
                "word_break_helper",
                "russian_charfilter"
            ],
            "tokenizer": "standard",
            "filter": [
                "icu_normalizer"
            ]
        },
        "es_plain": {
            "type": "custom",
            "char_filter": [
                "word_break_helper"
            ],
            "tokenizer": "standard",
            "filter": [
                "icu_normalizer",
                "preserve_original_recorder",
                "es_icu_folding",
                "preserve_original",
                "remove_empty"
            ]
        },
        "es_plain_search": {
            "type": "custom",
            "char_filter": [
                "word_break_helper"
            ],
            "tokenizer": "standard",
            "filter": [
                "icu_normalizer"
            ]
        },
        "de_plain": {
            "type": "custom",
            "char_filter": [
                "word_break_helper"
            ],
            "tokenizer": "standard",
            "filter": [
                "icu_normalizer"
            ]
        },
        "de_plain_search": {
            "type": "custom",
            "char_filter": [
                "word_break_helper"
            ],
            "tokenizer": "standard",
            "filter": [
                "icu_normalizer"
            ]
        },
        "zh_plain": {
            "type": "custom",
            "char_filter": [
                "word_break_helper"
            ],
            "tokenizer": "standard",
            "filter": [
                "smartcn_stop",
                "icu_normalizer"
            ]
        },
        "zh_plain_search": {
            "type": "custom",
            "char_filter": [
                "word_break_helper"
            ],
            "tokenizer": "standard",
            "filter": [
                "smartcn_stop",
                "icu_normalizer"
            ]
        },
        "ko_plain": {
            "type": "custom",
            "char_filter": [
                "word_break_helper"
            ],
            "tokenizer": "standard",
            "filter": [
                "icu_normalizer"
            ]
        },
        "ko_plain_search": {
            "type": "custom",
            "char_filter": [
                "word_break_helper"
            ],
            "tokenizer": "standard",
            "filter": [
                "icu_normalizer"
            ]
        }
    },
    "filter": {
        "icu_normalizer": {
            "type": "icu_normalizer",
            "name": "nfkc_cf"
        },
        "icu_folding": {
            "type": "icu_folding"
        },
        "remove_empty": {
            "type": "length",
            "min": 1
        },
        "es_icu_folding": {
            "type": "icu_folding",
            "unicodeSetFilter": "[^\u00f1]"
        },
        "smartcn_stop": {
            "type": "stop",
            "stopwords": [
                ","
            ]
        }
    },
    "char_filter": {
        "word_break_helper": {
            "type": "mapping",
            "mappings": [
                "_=>\\u0020",
                ".=>\\u0020",
                "(=>\\u0020",
                ")=>\\u0020"
            ]
        },
        "russian_charfilter": {
            "type": "mapping",
            "mappings": [
                "\\u0301=>",
                "\\u0435\\u0308=>\\u0435",
                "\\u0415\\u0308=>\\u0415",
                "\\u0451=>\\u0435",
                "\\u0401=>\\u0415",
                "\\u0130=>I"
            ]
        }
    },
    "tokenizer": []
}